******************************************************************************
               TMS320C6x Linker PC v7.4.4                      
******************************************************************************
>> Linked Wed Jan 03 17:43:04 2018

OUTPUT FILE NAME:   <C:/Users/zhxing/Desktop/matlab_exercise/DIP_DSP/pic_test/Debug/pic_test.out>
ENTRY POINT SYMBOL: "_c_int00"  address: 01000ce0


MEMORY CONFIGURATION

         name            origin    length      used     unused   attr    fill
----------------------  --------  ---------  --------  --------  ----  --------
  RAM                   00000001   fffffffe  01000e5b  fefff1a3  RWIX


SECTION ALLOCATION MAP

 output                                  attributes/
section   page    origin      length       input sections
--------  ----  ----------  ----------   ----------------
.pinit     0    00000004    00000000     UNINITIALIZED

.data      0    00000008    00000000     UNINITIALIZED

.stack     0    00000008    00ffffff     UNINITIALIZED
                  00000008    00000008     rts6700.lib : boot.obj (.stack)
                  00000010    00fffff7     --HOLE--

.bss       0    01000008    00000008     UNINITIALIZED
                  01000008    00000008     main.obj (.bss)

.text      0    01000020    00000da0     
                  01000020    00000640     main.obj (.text)
                  01000660    00000240     rts6700.lib : memcpy62.obj (.text:_memcpy)
                  010008a0    00000120                 : divi.obj (.text:__divi)
                  010009c0    00000100                 : autoinit.obj (.text:__auto_init)
                  01000ac0    000000e0                 : exit.obj (.text:_exit)
                  01000ba0    000000c0                 : cpy_tbl.obj (.text:_copy_in)
                  01000c60    00000080                 : cpp_init.obj (.text:___TI_cpp_init)
                  01000ce0    00000080                 : boot.obj (.text:_c_int00)
                  01000d60    00000040                 : args_main.obj (.text:__args_main)
                  01000da0    00000020                 : exit.obj (.text:_abort)

.cinit     0    01000dc0    00000084     
                  01000dc0    0000004c     main.obj (.cinit)
                  01000e0c    00000004     --HOLE-- [fill = 0]
                  01000e10    0000002c     rts6700.lib : exit.obj (.cinit)
                  01000e3c    00000004     --HOLE-- [fill = 0]
                  01000e40    00000004     (.pad.cinit) [fill = 0]

.far       0    01000e48    00000030     UNINITIALIZED
                  01000e48    00000024     main.obj (.far)
                  01000e6c    0000000c     rts6700.lib : exit.obj (.far)


GLOBAL SYMBOLS: SORTED ALPHABETICALLY BY Name 

address    name
--------   ----
01000008   $bss
01000008   .bss
00000008   .data
01000020   .text
01000da0   C$$EXIT
01000020   _Img_smooth
01000007   __STACK_END
00ffffff   __STACK_SIZE
00000001   __TI_args_main
01000c60   ___TI_cpp_init
01000e74   ___TI_enable_exit_profile_output
ffffffff   ___TI_pprof_out_hndl
ffffffff   ___TI_prof_data_size
ffffffff   ___TI_prof_data_start
ffffffff   ___binit__
01000008   ___bss__
ffffffff   ___c_args__
01000dc0   ___cinit__
00000008   ___data__
00000008   ___edata__
01000010   ___end__
01000dc0   ___etext__
ffffffff   ___pinit__
01000020   ___text__
01000d60   __args_main
010009c0   __auto_init
010008a0   __c6xabi_divi
01000e6c   __cleanup_ptr
010008a0   __divi
01000e70   __dtors_ptr
00000008   __stack
01000da0   _abort
01000ce0   _c_int00
01000e48   _coefArray
01000ba0   _copy_in
01000ac0   _exit
01000008   _img
0100000c   _img_smooth
01000618   _main
01000660   _memcpy
ffffffff   binit
01000dc0   cinit
00000008   edata
01000010   end
01000dc0   etext
ffffffff   pinit


GLOBAL SYMBOLS: SORTED BY Symbol Address 

address    name
--------   ----
00000001   __TI_args_main
00000008   .data
00000008   ___data__
00000008   ___edata__
00000008   __stack
00000008   edata
00ffffff   __STACK_SIZE
01000007   __STACK_END
01000008   $bss
01000008   .bss
01000008   ___bss__
01000008   _img
0100000c   _img_smooth
01000010   ___end__
01000010   end
01000020   .text
01000020   _Img_smooth
01000020   ___text__
01000618   _main
01000660   _memcpy
010008a0   __c6xabi_divi
010008a0   __divi
010009c0   __auto_init
01000ac0   _exit
01000ba0   _copy_in
01000c60   ___TI_cpp_init
01000ce0   _c_int00
01000d60   __args_main
01000da0   C$$EXIT
01000da0   _abort
01000dc0   ___cinit__
01000dc0   ___etext__
01000dc0   cinit
01000dc0   etext
01000e48   _coefArray
01000e6c   __cleanup_ptr
01000e70   __dtors_ptr
01000e74   ___TI_enable_exit_profile_output
ffffffff   ___TI_pprof_out_hndl
ffffffff   ___TI_prof_data_size
ffffffff   ___TI_prof_data_start
ffffffff   ___binit__
ffffffff   ___c_args__
ffffffff   ___pinit__
ffffffff   binit
ffffffff   pinit

[46 symbols]
