<?xml version="1.0"?>
<link_info>
   <banner>TMS320C6x Linker PC v7.4.4</banner>
   <copyright>Copyright (c) 1996-2013 Texas Instruments Incorporated</copyright>
   <link_time>0x5a4cb088</link_time>
   <output_file>pic_test.out</output_file>
   <entry_point>
      <name>_c_int00</name>
      <address>0xaa0</address>
   </entry_point>
   <input_file_list>
      <input_file id="fl-2">
         <path>.\</path>
         <kind>object</kind>
         <file>main.obj</file>
         <name>main.obj</name>
      </input_file>
      <input_file id="fl-7c">
         <path>C:\ti\ccsv5\tools\compiler\c6000_7.4.4\lib\</path>
         <kind>archive</kind>
         <file>rts6400.lib</file>
         <name>boot.obj</name>
      </input_file>
      <input_file id="fl-7d">
         <path>C:\ti\ccsv5\tools\compiler\c6000_7.4.4\lib\</path>
         <kind>archive</kind>
         <file>rts6400.lib</file>
         <name>divi.obj</name>
      </input_file>
      <input_file id="fl-7e">
         <path>C:\ti\ccsv5\tools\compiler\c6000_7.4.4\lib\</path>
         <kind>archive</kind>
         <file>rts6400.lib</file>
         <name>exit.obj</name>
      </input_file>
      <input_file id="fl-7f">
         <path>C:\ti\ccsv5\tools\compiler\c6000_7.4.4\lib\</path>
         <kind>archive</kind>
         <file>rts6400.lib</file>
         <name>args_main.obj</name>
      </input_file>
      <input_file id="fl-80">
         <path>C:\ti\ccsv5\tools\compiler\c6000_7.4.4\lib\</path>
         <kind>archive</kind>
         <file>rts6400.lib</file>
         <name>autoinit.obj</name>
      </input_file>
      <input_file id="fl-81">
         <path>C:\ti\ccsv5\tools\compiler\c6000_7.4.4\lib\</path>
         <kind>archive</kind>
         <file>rts6400.lib</file>
         <name>cpp_init.obj</name>
      </input_file>
      <input_file id="fl-82">
         <path>C:\ti\ccsv5\tools\compiler\c6000_7.4.4\lib\</path>
         <kind>archive</kind>
         <file>rts6400.lib</file>
         <name>cpy_tbl.obj</name>
      </input_file>
      <input_file id="fl-83">
         <path>C:\ti\ccsv5\tools\compiler\c6000_7.4.4\lib\</path>
         <kind>archive</kind>
         <file>rts6400.lib</file>
         <name>memcpy64.obj</name>
      </input_file>
   </input_file_list>
   <object_component_list>
      <object_component id="oc-2b">
         <name>.text</name>
         <load_address>0x20</load_address>
         <run_address>0x20</run_address>
         <size>0x5e0</size>
         <input_file_ref idref="fl-2"/>
      </object_component>
      <object_component id="oc-2d">
         <name>.text:__divi</name>
         <load_address>0x600</load_address>
         <run_address>0x600</run_address>
         <size>0x100</size>
         <input_file_ref idref="fl-7d"/>
      </object_component>
      <object_component id="oc-25">
         <name>.text:__auto_init</name>
         <load_address>0x700</load_address>
         <run_address>0x700</run_address>
         <size>0xe0</size>
         <input_file_ref idref="fl-80"/>
      </object_component>
      <object_component id="oc-29">
         <name>.text:_memcpy</name>
         <load_address>0x7e0</load_address>
         <run_address>0x7e0</run_address>
         <size>0xe0</size>
         <input_file_ref idref="fl-83"/>
      </object_component>
      <object_component id="oc-27">
         <name>.text:_exit</name>
         <load_address>0x8c0</load_address>
         <run_address>0x8c0</run_address>
         <size>0xc0</size>
         <input_file_ref idref="fl-7e"/>
      </object_component>
      <object_component id="oc-28">
         <name>.text:_copy_in</name>
         <load_address>0x980</load_address>
         <run_address>0x980</run_address>
         <size>0xa0</size>
         <input_file_ref idref="fl-82"/>
      </object_component>
      <object_component id="oc-2a">
         <name>.text:___TI_cpp_init</name>
         <load_address>0xa20</load_address>
         <run_address>0xa20</run_address>
         <size>0x80</size>
         <input_file_ref idref="fl-81"/>
      </object_component>
      <object_component id="oc-2">
         <name>.text:_c_int00</name>
         <load_address>0xaa0</load_address>
         <run_address>0xaa0</run_address>
         <size>0x60</size>
         <input_file_ref idref="fl-7c"/>
      </object_component>
      <object_component id="oc-26">
         <name>.text:__args_main</name>
         <load_address>0xb00</load_address>
         <run_address>0xb00</run_address>
         <size>0x40</size>
         <input_file_ref idref="fl-7f"/>
      </object_component>
      <object_component id="oc-2c">
         <name>.text:_abort</name>
         <load_address>0xb40</load_address>
         <run_address>0xb40</run_address>
         <size>0x20</size>
         <input_file_ref idref="fl-7e"/>
      </object_component>
      <object_component id="oc-3">
         <name>.bss</name>
         <uninitialized>true</uninitialized>
         <run_address>0x8</run_address>
         <size>0x8</size>
         <input_file_ref idref="fl-2"/>
      </object_component>
      <object_component id="oc-5">
         <name>.cinit</name>
         <load_address>0xf60</load_address>
         <run_address>0xf60</run_address>
         <size>0x4c</size>
         <input_file_ref idref="fl-2"/>
      </object_component>
      <object_component id="oc-12">
         <name>.cinit</name>
         <load_address>0xfb0</load_address>
         <run_address>0xfb0</run_address>
         <size>0x2c</size>
         <input_file_ref idref="fl-7e"/>
      </object_component>
      <object_component id="oc-b">
         <name>.stack</name>
         <uninitialized>true</uninitialized>
         <run_address>0xb60</run_address>
         <size>0x8</size>
         <input_file_ref idref="fl-7c"/>
      </object_component>
      <object_component id="oc-51">
         <name>.stack</name>
         <uninitialized>true</uninitialized>
         <run_address>0xb60</run_address>
         <size>0x0</size>
      </object_component>
      <object_component id="oc-6">
         <name>.far</name>
         <uninitialized>true</uninitialized>
         <run_address>0xfe8</run_address>
         <size>0x24</size>
         <input_file_ref idref="fl-2"/>
      </object_component>
      <object_component id="oc-13">
         <name>.far</name>
         <uninitialized>true</uninitialized>
         <run_address>0x100c</run_address>
         <size>0xc</size>
         <input_file_ref idref="fl-7e"/>
      </object_component>
      <object_component id="oc-4">
         <name>.debug_info</name>
         <load_address>0x0</load_address>
         <run_address>0x0</run_address>
         <size>0xa43</size>
         <input_file_ref idref="fl-2"/>
      </object_component>
      <object_component id="oc-a">
         <name>.debug_info</name>
         <load_address>0xa43</load_address>
         <run_address>0xa43</run_address>
         <size>0x6f5</size>
         <input_file_ref idref="fl-7c"/>
      </object_component>
      <object_component id="oc-e">
         <name>.debug_info</name>
         <load_address>0x1138</load_address>
         <run_address>0x1138</run_address>
         <size>0xbc</size>
         <input_file_ref idref="fl-7d"/>
      </object_component>
      <object_component id="oc-11">
         <name>.debug_info</name>
         <load_address>0x11f4</load_address>
         <run_address>0x11f4</run_address>
         <size>0x7c2</size>
         <input_file_ref idref="fl-7e"/>
      </object_component>
      <object_component id="oc-16">
         <name>.debug_info</name>
         <load_address>0x19b6</load_address>
         <run_address>0x19b6</run_address>
         <size>0x6cb</size>
         <input_file_ref idref="fl-7f"/>
      </object_component>
      <object_component id="oc-19">
         <name>.debug_info</name>
         <load_address>0x2081</load_address>
         <run_address>0x2081</run_address>
         <size>0x841</size>
         <input_file_ref idref="fl-80"/>
      </object_component>
      <object_component id="oc-1c">
         <name>.debug_info</name>
         <load_address>0x28c2</load_address>
         <run_address>0x28c2</run_address>
         <size>0x6b9</size>
         <input_file_ref idref="fl-81"/>
      </object_component>
      <object_component id="oc-1f">
         <name>.debug_info</name>
         <load_address>0x2f7b</load_address>
         <run_address>0x2f7b</run_address>
         <size>0x7af</size>
         <input_file_ref idref="fl-82"/>
      </object_component>
      <object_component id="oc-22">
         <name>.debug_info</name>
         <load_address>0x372a</load_address>
         <run_address>0x372a</run_address>
         <size>0xcb</size>
         <input_file_ref idref="fl-83"/>
      </object_component>
      <object_component id="oc-57">
         <name>.debug_info</name>
         <load_address>0x37f5</load_address>
         <run_address>0x37f5</run_address>
         <size>0x6d</size>
      </object_component>
      <object_component id="oc-7">
         <name>.debug_frame</name>
         <load_address>0x0</load_address>
         <run_address>0x0</run_address>
         <size>0x27d</size>
         <input_file_ref idref="fl-2"/>
      </object_component>
      <object_component id="oc-8">
         <name>.debug_line</name>
         <load_address>0x0</load_address>
         <run_address>0x0</run_address>
         <size>0x113</size>
         <input_file_ref idref="fl-2"/>
      </object_component>
      <object_component id="oc-c">
         <name>.debug_line</name>
         <load_address>0x113</load_address>
         <run_address>0x113</run_address>
         <size>0x3d</size>
         <input_file_ref idref="fl-7c"/>
      </object_component>
      <object_component id="oc-f">
         <name>.debug_line</name>
         <load_address>0x150</load_address>
         <run_address>0x150</run_address>
         <size>0x45</size>
         <input_file_ref idref="fl-7d"/>
      </object_component>
      <object_component id="oc-14">
         <name>.debug_line</name>
         <load_address>0x195</load_address>
         <run_address>0x195</run_address>
         <size>0x4f</size>
         <input_file_ref idref="fl-7e"/>
      </object_component>
      <object_component id="oc-17">
         <name>.debug_line</name>
         <load_address>0x1e4</load_address>
         <run_address>0x1e4</run_address>
         <size>0x41</size>
         <input_file_ref idref="fl-7f"/>
      </object_component>
      <object_component id="oc-1a">
         <name>.debug_line</name>
         <load_address>0x225</load_address>
         <run_address>0x225</run_address>
         <size>0x47</size>
         <input_file_ref idref="fl-80"/>
      </object_component>
      <object_component id="oc-1d">
         <name>.debug_line</name>
         <load_address>0x26c</load_address>
         <run_address>0x26c</run_address>
         <size>0x45</size>
         <input_file_ref idref="fl-81"/>
      </object_component>
      <object_component id="oc-20">
         <name>.debug_line</name>
         <load_address>0x2b1</load_address>
         <run_address>0x2b1</run_address>
         <size>0x44</size>
         <input_file_ref idref="fl-82"/>
      </object_component>
      <object_component id="oc-23">
         <name>.debug_line</name>
         <load_address>0x2f5</load_address>
         <run_address>0x2f5</run_address>
         <size>0x4f</size>
         <input_file_ref idref="fl-83"/>
      </object_component>
      <object_component id="oc-9">
         <name>.debug_abbrev</name>
         <load_address>0x0</load_address>
         <run_address>0x0</run_address>
         <size>0x102</size>
         <input_file_ref idref="fl-2"/>
      </object_component>
      <object_component id="oc-d">
         <name>.debug_abbrev</name>
         <load_address>0x102</load_address>
         <run_address>0x102</run_address>
         <size>0xfe</size>
         <input_file_ref idref="fl-7c"/>
      </object_component>
      <object_component id="oc-10">
         <name>.debug_abbrev</name>
         <load_address>0x200</load_address>
         <run_address>0x200</run_address>
         <size>0x3a</size>
         <input_file_ref idref="fl-7d"/>
      </object_component>
      <object_component id="oc-15">
         <name>.debug_abbrev</name>
         <load_address>0x23a</load_address>
         <run_address>0x23a</run_address>
         <size>0x119</size>
         <input_file_ref idref="fl-7e"/>
      </object_component>
      <object_component id="oc-18">
         <name>.debug_abbrev</name>
         <load_address>0x353</load_address>
         <run_address>0x353</run_address>
         <size>0xe1</size>
         <input_file_ref idref="fl-7f"/>
      </object_component>
      <object_component id="oc-1b">
         <name>.debug_abbrev</name>
         <load_address>0x434</load_address>
         <run_address>0x434</run_address>
         <size>0x13f</size>
         <input_file_ref idref="fl-80"/>
      </object_component>
      <object_component id="oc-1e">
         <name>.debug_abbrev</name>
         <load_address>0x573</load_address>
         <run_address>0x573</run_address>
         <size>0xdd</size>
         <input_file_ref idref="fl-81"/>
      </object_component>
      <object_component id="oc-21">
         <name>.debug_abbrev</name>
         <load_address>0x650</load_address>
         <run_address>0x650</run_address>
         <size>0x10c</size>
         <input_file_ref idref="fl-82"/>
      </object_component>
      <object_component id="oc-24">
         <name>.debug_abbrev</name>
         <load_address>0x75c</load_address>
         <run_address>0x75c</run_address>
         <size>0x3a</size>
         <input_file_ref idref="fl-83"/>
      </object_component>
      <object_component id="oc-58">
         <name>.debug_abbrev</name>
         <load_address>0x796</load_address>
         <run_address>0x796</run_address>
         <size>0xd</size>
      </object_component>
   </object_component_list>
   <logical_group_list>
      <logical_group id="lg-2e">
         <name>.text</name>
         <load_address>0x20</load_address>
         <run_address>0x20</run_address>
         <size>0xb40</size>
         <contents>
            <object_component_ref idref="oc-2b"/>
            <object_component_ref idref="oc-2d"/>
            <object_component_ref idref="oc-25"/>
            <object_component_ref idref="oc-29"/>
            <object_component_ref idref="oc-27"/>
            <object_component_ref idref="oc-28"/>
            <object_component_ref idref="oc-2a"/>
            <object_component_ref idref="oc-2"/>
            <object_component_ref idref="oc-26"/>
            <object_component_ref idref="oc-2c"/>
         </contents>
      </logical_group>
      <logical_group id="lg-2f">
         <name>.const</name>
         <run_address>0x0</run_address>
         <size>0x0</size>
         <contents>
         </contents>
      </logical_group>
      <logical_group id="lg-30">
         <name>.data</name>
         <run_address>0x8</run_address>
         <size>0x0</size>
         <contents>
         </contents>
      </logical_group>
      <logical_group id="lg-31">
         <name>.bss</name>
         <run_address>0x8</run_address>
         <size>0x8</size>
         <contents>
            <object_component_ref idref="oc-3"/>
         </contents>
      </logical_group>
      <logical_group id="lg-32">
         <name>.cinit</name>
         <load_address>0xf60</load_address>
         <run_address>0xf60</run_address>
         <size>0x84</size>
         <contents>
            <object_component_ref idref="oc-5"/>
            <object_component_ref idref="oc-12"/>
         </contents>
      </logical_group>
      <logical_group id="lg-33">
         <name>.pinit</name>
         <run_address>0x0</run_address>
         <size>0x0</size>
         <contents>
         </contents>
      </logical_group>
      <logical_group id="lg-34">
         <name>.stack</name>
         <run_address>0xb60</run_address>
         <size>0x400</size>
         <contents>
            <object_component_ref idref="oc-b"/>
            <object_component_ref idref="oc-51"/>
         </contents>
      </logical_group>
      <logical_group id="lg-35">
         <name>.sysmem</name>
         <run_address>0x0</run_address>
         <size>0x0</size>
         <contents>
         </contents>
      </logical_group>
      <logical_group id="lg-36">
         <name>.far</name>
         <run_address>0xfe8</run_address>
         <size>0x30</size>
         <contents>
            <object_component_ref idref="oc-6"/>
            <object_component_ref idref="oc-13"/>
         </contents>
      </logical_group>
      <logical_group id="lg-37">
         <name>.switch</name>
         <run_address>0x0</run_address>
         <size>0x0</size>
         <contents>
         </contents>
      </logical_group>
      <logical_group id="lg-38">
         <name>.cio</name>
         <run_address>0x0</run_address>
         <size>0x0</size>
         <contents>
         </contents>
      </logical_group>
      <logical_group id="lg-39">
         <name>.ppinfo</name>
         <run_address>0x0</run_address>
         <size>0x0</size>
         <contents>
         </contents>
      </logical_group>
      <logical_group id="lg-3a">
         <name>.ppdata</name>
         <run_address>0x0</run_address>
         <size>0x0</size>
         <contents>
         </contents>
      </logical_group>
      <logical_group id="lg-48">
         <name>.debug_info</name>
         <load_address>0x0</load_address>
         <run_address>0x0</run_address>
         <size>0x3862</size>
         <contents>
            <object_component_ref idref="oc-4"/>
            <object_component_ref idref="oc-a"/>
            <object_component_ref idref="oc-e"/>
            <object_component_ref idref="oc-11"/>
            <object_component_ref idref="oc-16"/>
            <object_component_ref idref="oc-19"/>
            <object_component_ref idref="oc-1c"/>
            <object_component_ref idref="oc-1f"/>
            <object_component_ref idref="oc-22"/>
            <object_component_ref idref="oc-57"/>
         </contents>
      </logical_group>
      <logical_group id="lg-4a">
         <name>.debug_frame</name>
         <load_address>0x0</load_address>
         <run_address>0x0</run_address>
         <size>0x27d</size>
         <contents>
            <object_component_ref idref="oc-7"/>
         </contents>
      </logical_group>
      <logical_group id="lg-4c">
         <name>.debug_line</name>
         <load_address>0x0</load_address>
         <run_address>0x0</run_address>
         <size>0x344</size>
         <contents>
            <object_component_ref idref="oc-8"/>
            <object_component_ref idref="oc-c"/>
            <object_component_ref idref="oc-f"/>
            <object_component_ref idref="oc-14"/>
            <object_component_ref idref="oc-17"/>
            <object_component_ref idref="oc-1a"/>
            <object_component_ref idref="oc-1d"/>
            <object_component_ref idref="oc-20"/>
            <object_component_ref idref="oc-23"/>
         </contents>
      </logical_group>
      <logical_group id="lg-4e">
         <name>.debug_abbrev</name>
         <load_address>0x0</load_address>
         <run_address>0x0</run_address>
         <size>0x7a3</size>
         <contents>
            <object_component_ref idref="oc-9"/>
            <object_component_ref idref="oc-d"/>
            <object_component_ref idref="oc-10"/>
            <object_component_ref idref="oc-15"/>
            <object_component_ref idref="oc-18"/>
            <object_component_ref idref="oc-1b"/>
            <object_component_ref idref="oc-1e"/>
            <object_component_ref idref="oc-21"/>
            <object_component_ref idref="oc-24"/>
            <object_component_ref idref="oc-58"/>
         </contents>
      </logical_group>
   </logical_group_list>
   <placement_map>
      <memory_area>
         <name>RAM</name>
         <page_id>0x0</page_id>
         <origin>0x1</origin>
         <length>0xfffffffe</length>
         <used_space>0xffc</used_space>
         <unused_space>0xfffff002</unused_space>
         <attributes>RWIX</attributes>
         <usage_details>
            <available_space>
               <start_address>0x1</start_address>
               <size>0x7</size>
            </available_space>
            <allocated_space>
               <start_address>0x8</start_address>
               <size>0x0</size>
               <logical_group_ref idref="lg-30"/>
            </allocated_space>
            <allocated_space>
               <start_address>0x8</start_address>
               <size>0x8</size>
               <logical_group_ref idref="lg-31"/>
            </allocated_space>
            <available_space>
               <start_address>0x10</start_address>
               <size>0x10</size>
            </available_space>
            <allocated_space>
               <start_address>0x20</start_address>
               <size>0xb40</size>
               <logical_group_ref idref="lg-2e"/>
            </allocated_space>
            <allocated_space>
               <start_address>0xb60</start_address>
               <size>0x400</size>
               <logical_group_ref idref="lg-34"/>
            </allocated_space>
            <allocated_space>
               <start_address>0xf60</start_address>
               <size>0x84</size>
               <logical_group_ref idref="lg-32"/>
            </allocated_space>
            <available_space>
               <start_address>0xfe4</start_address>
               <size>0x4</size>
            </available_space>
            <allocated_space>
               <start_address>0xfe8</start_address>
               <size>0x30</size>
               <logical_group_ref idref="lg-36"/>
            </allocated_space>
            <available_space>
               <start_address>0x1018</start_address>
               <size>0xffffefe7</size>
            </available_space>
         </usage_details>
      </memory_area>
   </placement_map>
   <symbol_table>
      <symbol id="sm-0">
         <name>cinit</name>
         <value>0xf60</value>
      </symbol>
      <symbol id="sm-1">
         <name>___cinit__</name>
         <value>0xf60</value>
      </symbol>
      <symbol id="sm-2">
         <name>pinit</name>
         <value>0xffffffff</value>
      </symbol>
      <symbol id="sm-3">
         <name>___pinit__</name>
         <value>0xffffffff</value>
      </symbol>
      <symbol id="sm-4">
         <name>binit</name>
         <value>0xffffffff</value>
      </symbol>
      <symbol id="sm-5">
         <name>___binit__</name>
         <value>0xffffffff</value>
      </symbol>
      <symbol id="sm-6">
         <name>__STACK_SIZE</name>
         <value>0x400</value>
      </symbol>
      <symbol id="sm-7">
         <name>__STACK_END</name>
         <value>0xf60</value>
      </symbol>
      <symbol id="sm-8">
         <name>___c_args__</name>
         <value>0xffffffff</value>
      </symbol>
      <symbol id="sm-9">
         <name>.text</name>
         <value>0x20</value>
      </symbol>
      <symbol id="sm-a">
         <name>___text__</name>
         <value>0x20</value>
      </symbol>
      <symbol id="sm-b">
         <name>etext</name>
         <value>0xb60</value>
      </symbol>
      <symbol id="sm-c">
         <name>___etext__</name>
         <value>0xb60</value>
      </symbol>
      <symbol id="sm-d">
         <name>.data</name>
         <value>0x8</value>
      </symbol>
      <symbol id="sm-e">
         <name>___data__</name>
         <value>0x8</value>
      </symbol>
      <symbol id="sm-f">
         <name>edata</name>
         <value>0x8</value>
      </symbol>
      <symbol id="sm-10">
         <name>___edata__</name>
         <value>0x8</value>
      </symbol>
      <symbol id="sm-11">
         <name>.bss</name>
         <value>0x8</value>
      </symbol>
      <symbol id="sm-12">
         <name>___bss__</name>
         <value>0x8</value>
      </symbol>
      <symbol id="sm-13">
         <name>end</name>
         <value>0x10</value>
      </symbol>
      <symbol id="sm-14">
         <name>___end__</name>
         <value>0x10</value>
      </symbol>
      <symbol id="sm-15">
         <name>___TI_pprof_out_hndl</name>
         <value>0xffffffff</value>
      </symbol>
      <symbol id="sm-16">
         <name>___TI_prof_data_start</name>
         <value>0xffffffff</value>
      </symbol>
      <symbol id="sm-17">
         <name>___TI_prof_data_size</name>
         <value>0xffffffff</value>
      </symbol>
      <symbol id="sm-18">
         <name>$bss</name>
         <value>0x8</value>
      </symbol>
      <symbol id="sm-70">
         <name>_main</name>
         <value>0x5c0</value>
         <object_component_ref idref="oc-2b"/>
      </symbol>
      <symbol id="sm-71">
         <name>_Img_smooth</name>
         <value>0x20</value>
         <object_component_ref idref="oc-2b"/>
      </symbol>
      <symbol id="sm-72">
         <name>_img_smooth</name>
         <value>0xc</value>
         <object_component_ref idref="oc-3"/>
      </symbol>
      <symbol id="sm-73">
         <name>_coefArray</name>
         <value>0xfe8</value>
         <object_component_ref idref="oc-6"/>
      </symbol>
      <symbol id="sm-74">
         <name>_img</name>
         <value>0x8</value>
         <object_component_ref idref="oc-3"/>
      </symbol>
      <symbol id="sm-80">
         <name>_c_int00</name>
         <value>0xaa0</value>
         <object_component_ref idref="oc-2"/>
      </symbol>
      <symbol id="sm-81">
         <name>__stack</name>
         <value>0xb60</value>
         <object_component_ref idref="oc-b"/>
      </symbol>
      <symbol id="sm-89">
         <name>__c6xabi_divi</name>
         <value>0x600</value>
         <object_component_ref idref="oc-2d"/>
      </symbol>
      <symbol id="sm-8a">
         <name>__divi</name>
         <value>0x600</value>
         <object_component_ref idref="oc-2d"/>
      </symbol>
      <symbol id="sm-9a">
         <name>C$$EXIT</name>
         <value>0xb40</value>
         <object_component_ref idref="oc-2c"/>
      </symbol>
      <symbol id="sm-9b">
         <name>_exit</name>
         <value>0x8c0</value>
         <object_component_ref idref="oc-27"/>
      </symbol>
      <symbol id="sm-9c">
         <name>___TI_enable_exit_profile_output</name>
         <value>0x1014</value>
         <object_component_ref idref="oc-13"/>
      </symbol>
      <symbol id="sm-9d">
         <name>_abort</name>
         <value>0xb40</value>
         <object_component_ref idref="oc-2c"/>
      </symbol>
      <symbol id="sm-9e">
         <name>__cleanup_ptr</name>
         <value>0x100c</value>
         <object_component_ref idref="oc-13"/>
      </symbol>
      <symbol id="sm-9f">
         <name>__dtors_ptr</name>
         <value>0x1010</value>
         <object_component_ref idref="oc-13"/>
      </symbol>
      <symbol id="sm-a9">
         <name>__args_main</name>
         <value>0xb00</value>
         <object_component_ref idref="oc-26"/>
      </symbol>
      <symbol id="sm-aa">
         <name>__TI_args_main</name>
         <value>0x1</value>
      </symbol>
      <symbol id="sm-b4">
         <name>__auto_init</name>
         <value>0x700</value>
         <object_component_ref idref="oc-25"/>
      </symbol>
      <symbol id="sm-be">
         <name>___TI_cpp_init</name>
         <value>0xa20</value>
         <object_component_ref idref="oc-2a"/>
      </symbol>
      <symbol id="sm-c8">
         <name>_copy_in</name>
         <value>0x980</value>
         <object_component_ref idref="oc-28"/>
      </symbol>
      <symbol id="sm-d0">
         <name>_memcpy</name>
         <value>0x7e0</value>
         <object_component_ref idref="oc-29"/>
      </symbol>
   </symbol_table>
</link_info>
