******************************************************************************
               TMS320C6x Linker PC v7.4.4                      
******************************************************************************
>> Linked Thu Jan 04 17:56:44 2018

OUTPUT FILE NAME:   <pic_test.out>
ENTRY POINT SYMBOL: "_c_int00"  address: 00020fa0


MEMORY CONFIGURATION

         name            origin    length      used     unused   attr    fill
----------------------  --------  ---------  --------  --------  ----  --------
  RAM                   00000001   fffffffe  00021083  fffdef7b  RWIX


SECTION ALLOCATION MAP

 output                                  attributes/
section   page    origin      length       input sections
--------  ----  ----------  ----------   ----------------
.pinit     0    00000004    00000000     UNINITIALIZED

.data      0    00000008    00000000     UNINITIALIZED

.stack     0    00000008    0000ffff     UNINITIALIZED
                  00000008    00000008     rts6400.lib : boot.obj (.stack)
                  00000010    0000fff7     --HOLE--

.cinit     0    00010008    00008084     
                  00010008    0000804c     main.obj (.cinit)
                  00018054    00000004     --HOLE-- [fill = 0]
                  00018058    0000002c     rts6400.lib : exit.obj (.cinit)
                  00018084    00000004     --HOLE-- [fill = 0]
                  00018088    00000004     (.pad.cinit) [fill = 0]

.far       0    00018090    00008034     UNINITIALIZED
                  00018090    00008028     main.obj (.far)
                  000200b8    0000000c     rts6400.lib : exit.obj (.far)

.bss       0    000200c8    0000000c     UNINITIALIZED
                  000200c8    0000000c     main.obj (.bss)

.text      0    000200e0    00000fc0     
                  000200e0    000006e0     main.obj (.text)
                  000207c0    00000240     rts6400.lib : mpyf.obj (.text:__mpyf)
                  00020a00    00000100                 : divi.obj (.text:__divi)
                  00020b00    000000e0                 : autoinit.obj (.text:__auto_init)
                  00020be0    000000e0                 : memcpy64.obj (.text:_memcpy)
                  00020cc0    000000c0                 : exit.obj (.text:_exit)
                  00020d80    000000a0                 : fixfu.obj (.text:__fixfu)
                  00020e20    000000a0                 : cpy_tbl.obj (.text:_copy_in)
                  00020ec0    00000080                 : cpp_init.obj (.text:___TI_cpp_init)
                  00020f40    00000060                 : frcmpyf.obj (.text:__frcmpyf)
                  00020fa0    00000060                 : boot.obj (.text:_c_int00)
                  00021000    00000040                 : args_main.obj (.text:__args_main)
                  00021040    00000040                 : fltuf.obj (.text:__fltuf)
                  00021080    00000020                 : exit.obj (.text:_abort)


GLOBAL SYMBOLS: SORTED ALPHABETICALLY BY Name 

address    name
--------   ----
000200c8   $bss
000200c8   .bss
00000008   .data
000200e0   .text
00021080   C$$EXIT
000200e0   _Img_smooth
00010007   __STACK_END
0000ffff   __STACK_SIZE
00000001   __TI_args_main
00020ec0   ___TI_cpp_init
000200c0   ___TI_enable_exit_profile_output
ffffffff   ___TI_pprof_out_hndl
ffffffff   ___TI_prof_data_size
ffffffff   ___TI_prof_data_start
ffffffff   ___binit__
000200c8   ___bss__
ffffffff   ___c_args__
00010008   ___cinit__
00000008   ___data__
00000008   ___edata__
000200d4   ___end__
000210a0   ___etext__
ffffffff   ___pinit__
000200e0   ___text__
00021000   __args_main
00020b00   __auto_init
00020a00   __c6xabi_divi
000200b8   __cleanup_ptr
00020a00   __divi
000200bc   __dtors_ptr
00020d80   __fixfu
00021040   __fltuf
00020f40   __frcmpyf
000207c0   __mpyf
00000008   __stack
00021080   _abort
00020680   _add_coswindow
00020fa0   _c_int00
00018090   _coefArray
00020e20   _copy_in
000180b8   _cos_window_64_64
00020cc0   _exit
0001c0b8   _gaus_label_64_64
000200c8   _img
000200cc   _img_smooth
000200d0   _img_with_window
00020728   _main
00020be0   _memcpy
ffffffff   binit
00010008   cinit
00000008   edata
000200d4   end
000210a0   etext
ffffffff   pinit


GLOBAL SYMBOLS: SORTED BY Symbol Address 

address    name
--------   ----
00000001   __TI_args_main
00000008   .data
00000008   ___data__
00000008   ___edata__
00000008   __stack
00000008   edata
0000ffff   __STACK_SIZE
00010007   __STACK_END
00010008   ___cinit__
00010008   cinit
00018090   _coefArray
000180b8   _cos_window_64_64
0001c0b8   _gaus_label_64_64
000200b8   __cleanup_ptr
000200bc   __dtors_ptr
000200c0   ___TI_enable_exit_profile_output
000200c8   $bss
000200c8   .bss
000200c8   ___bss__
000200c8   _img
000200cc   _img_smooth
000200d0   _img_with_window
000200d4   ___end__
000200d4   end
000200e0   .text
000200e0   _Img_smooth
000200e0   ___text__
00020680   _add_coswindow
00020728   _main
000207c0   __mpyf
00020a00   __c6xabi_divi
00020a00   __divi
00020b00   __auto_init
00020be0   _memcpy
00020cc0   _exit
00020d80   __fixfu
00020e20   _copy_in
00020ec0   ___TI_cpp_init
00020f40   __frcmpyf
00020fa0   _c_int00
00021000   __args_main
00021040   __fltuf
00021080   C$$EXIT
00021080   _abort
000210a0   ___etext__
000210a0   etext
ffffffff   ___TI_pprof_out_hndl
ffffffff   ___TI_prof_data_size
ffffffff   ___TI_prof_data_start
ffffffff   ___binit__
ffffffff   ___c_args__
ffffffff   ___pinit__
ffffffff   binit
ffffffff   pinit

[54 symbols]
